2025-05-14 10:11:21,392 - INFO - OGHeadTrader Bot: Starting orchestration.
2025-05-14 10:11:21,392 - INFO - In-Play Bot: Initialized successfully.
2025-05-14 10:11:21,392 - INFO - Pre-Off Bot: Initialized successfully.
2025-05-14 10:11:21,392 - INFO - Pre-Off Bot: Loop starting.
2025-05-14 10:11:21,392 - INFO - Pre-Off Loop active.
2025-05-14 10:11:21,392 - INFO - Pre-Off Loop checking pre-market conditions...
2025-05-14 10:12:21,399 - INFO - Pre-Off Loop checking pre-market conditions...
2025-05-14 10:13:21,403 - INFO - Pre-Off Loop checking pre-market conditions...
2025-05-14 10:14:21,405 - INFO - Pre-Off Loop checking pre-market conditions...
2025-05-14 10:15:21,408 - INFO - Pre-Off Loop checking pre-market conditions...
2025-05-14 10:16:21,415 - INFO - Pre-Off Loop checking pre-market conditions...
2025-05-14 10:17:21,420 - INFO - Pre-Off Loop checking pre-market conditions...
2025-05-14 10:18:21,425 - INFO - Pre-Off Loop checking pre-market conditions...
2025-05-14 10:19:21,428 - INFO - Pre-Off Loop checking pre-market conditions...
2025-05-14 10:20:21,439 - INFO - Pre-Off Loop checking pre-market conditions...
2025-05-14 10:21:21,448 - INFO - Pre-Off Loop checking pre-market conditions...
2025-05-14 10:22:21,440 - INFO - Pre-Off Loop checking pre-market conditions...
2025-05-14 10:23:21,440 - INFO - Pre-Off Loop checking pre-market conditions...
2025-05-14 10:24:21,451 - INFO - Pre-Off Loop checking pre-market conditions...
2025-05-14 10:25:21,454 - INFO - Pre-Off Loop checking pre-market conditions...
2025-05-14 10:26:21,466 - INFO - Pre-Off Loop checking pre-market conditions...
2025-05-14 10:27:21,472 - INFO - Pre-Off Loop checking pre-market conditions...
2025-05-14 10:28:21,492 - INFO - Pre-Off Loop checking pre-market conditions...
2025-05-14 10:29:21,501 - INFO - Pre-Off Loop checking pre-market conditions...
2025-05-14 10:30:21,508 - INFO - Pre-Off Loop checking pre-market conditions...
2025-05-14 10:31:21,515 - INFO - Pre-Off Loop checking pre-market conditions...
2025-05-14 10:32:21,520 - INFO - Pre-Off Loop checking pre-market conditions...
2025-05-14 10:33:21,522 - INFO - Pre-Off Loop checking pre-market conditions...
2025-05-14 10:34:21,527 - INFO - Pre-Off Loop checking pre-market conditions...
2025-05-14 10:35:21,530 - INFO - Pre-Off Loop checking pre-market conditions...
2025-05-14 10:36:21,534 - INFO - Pre-Off Loop checking pre-market conditions...
2025-05-14 10:37:21,539 - INFO - Pre-Off Loop checking pre-market conditions...
2025-05-14 10:38:21,546 - INFO - Pre-Off Loop checking pre-market conditions...
2025-05-14 10:39:21,552 - INFO - Pre-Off Loop checking pre-market conditions...
2025-05-14 10:40:21,559 - INFO - Pre-Off Loop checking pre-market conditions...
2025-05-14 10:41:21,562 - INFO - Pre-Off Loop checking pre-market conditions...
2025-05-14 10:42:21,565 - INFO - Pre-Off Loop checking pre-market conditions...
2025-05-14 10:43:21,568 - INFO - Pre-Off Loop checking pre-market conditions...
2025-05-14 10:44:21,574 - INFO - Pre-Off Loop checking pre-market conditions...
2025-05-14 10:45:21,581 - INFO - Pre-Off Loop checking pre-market conditions...
2025-05-14 10:46:21,585 - INFO - Pre-Off Loop checking pre-market conditions...
2025-05-14 10:47:21,591 - INFO - Pre-Off Loop checking pre-market conditions...
2025-05-14 10:48:21,598 - INFO - Pre-Off Loop checking pre-market conditions...
2025-05-14 10:49:21,602 - INFO - Pre-Off Loop checking pre-market conditions...
2025-05-14 10:50:21,609 - INFO - Pre-Off Loop checking pre-market conditions...
2025-05-14 10:51:21,614 - INFO - Pre-Off Loop checking pre-market conditions...
2025-05-14 10:52:21,617 - INFO - Pre-Off Loop checking pre-market conditions...
2025-05-14 10:53:21,622 - INFO - Pre-Off Loop checking pre-market conditions...
2025-05-14 10:54:21,628 - INFO - Pre-Off Loop checking pre-market conditions...
2025-05-14 10:55:21,634 - INFO - Pre-Off Loop checking pre-market conditions...
2025-05-14 10:56:21,640 - INFO - Pre-Off Loop checking pre-market conditions...
2025-05-14 10:57:21,659 - INFO - Pre-Off Loop checking pre-market conditions...
2025-05-14 10:58:21,674 - INFO - Pre-Off Loop checking pre-market conditions...
2025-05-14 10:59:21,681 - INFO - Pre-Off Loop checking pre-market conditions...
2025-05-14 11:00:21,684 - INFO - Pre-Off Loop checking pre-market conditions...
2025-05-14 11:01:21,691 - INFO - Pre-Off Loop checking pre-market conditions...
2025-05-14 11:02:21,696 - INFO - Pre-Off Loop checking pre-market conditions...
2025-05-14 11:03:21,702 - INFO - Pre-Off Loop checking pre-market conditions...
2025-05-14 11:04:21,708 - INFO - Pre-Off Loop checking pre-market conditions...
2025-05-14 11:05:21,712 - INFO - Pre-Off Loop checking pre-market conditions...
2025-05-14 11:06:21,717 - INFO - Pre-Off Loop checking pre-market conditions...
2025-05-14 11:07:21,719 - INFO - Pre-Off Loop checking pre-market conditions...
2025-05-14 11:08:21,722 - INFO - Pre-Off Loop checking pre-market conditions...
2025-05-14 11:09:21,728 - INFO - Pre-Off Loop checking pre-market conditions...
2025-05-14 11:10:21,730 - INFO - Pre-Off Loop checking pre-market conditions...
2025-05-14 11:11:21,733 - INFO - Pre-Off Loop checking pre-market conditions...
2025-05-14 11:12:21,736 - INFO - Pre-Off Loop checking pre-market conditions...
2025-05-14 11:13:21,742 - INFO - Pre-Off Loop checking pre-market conditions...
2025-05-14 11:14:21,751 - INFO - Pre-Off Loop checking pre-market conditions...
2025-05-14 11:15:21,758 - INFO - Pre-Off Loop checking pre-market conditions...
2025-05-14 11:16:21,761 - INFO - Pre-Off Loop checking pre-market conditions...
2025-05-14 11:17:21,769 - INFO - Pre-Off Loop checking pre-market conditions...
2025-05-14 11:18:21,772 - INFO - Pre-Off Loop checking pre-market conditions...
2025-05-14 11:19:21,778 - INFO - Pre-Off Loop checking pre-market conditions...
2025-05-14 11:20:21,783 - INFO - Pre-Off Loop checking pre-market conditions...
2025-05-14 11:21:21,790 - INFO - Pre-Off Loop checking pre-market conditions...
2025-05-14 11:22:21,797 - INFO - Pre-Off Loop checking pre-market conditions...
2025-05-14 11:23:21,805 - INFO - Pre-Off Loop checking pre-market conditions...
2025-05-14 11:24:21,812 - INFO - Pre-Off Loop checking pre-market conditions...
2025-05-14 11:25:21,826 - INFO - Pre-Off Loop checking pre-market conditions...
2025-05-14 11:26:21,852 - INFO - Pre-Off Loop checking pre-market conditions...
2025-05-14 11:27:21,855 - INFO - Pre-Off Loop checking pre-market conditions...
2025-05-14 11:28:21,858 - INFO - Pre-Off Loop checking pre-market conditions...
2025-05-14 11:29:21,864 - INFO - Pre-Off Loop checking pre-market conditions...
2025-05-14 11:30:21,872 - INFO - Pre-Off Loop checking pre-market conditions...
2025-05-14 11:31:21,878 - INFO - Pre-Off Loop checking pre-market conditions...
2025-05-14 11:32:21,893 - INFO - Pre-Off Loop checking pre-market conditions...
2025-05-14 11:33:21,903 - INFO - Pre-Off Loop checking pre-market conditions...
2025-05-14 11:34:21,910 - INFO - Pre-Off Loop checking pre-market conditions...
2025-05-14 11:35:21,917 - INFO - Pre-Off Loop checking pre-market conditions...
2025-05-14 11:36:21,925 - INFO - Pre-Off Loop checking pre-market conditions...
2025-05-14 11:37:21,932 - INFO - Pre-Off Loop checking pre-market conditions...
2025-05-14 11:38:21,937 - INFO - Pre-Off Loop checking pre-market conditions...
2025-05-14 11:39:21,945 - INFO - Pre-Off Loop checking pre-market conditions...
2025-05-14 11:40:21,953 - INFO - Pre-Off Loop checking pre-market conditions...
2025-05-14 11:41:21,961 - INFO - Pre-Off Loop checking pre-market conditions...
2025-05-14 11:42:21,967 - INFO - Pre-Off Loop checking pre-market conditions...
2025-05-14 11:43:21,974 - INFO - Pre-Off Loop checking pre-market conditions...
2025-05-14 11:44:21,980 - INFO - Pre-Off Loop checking pre-market conditions...
2025-05-14 11:45:21,988 - INFO - Pre-Off Loop checking pre-market conditions...
2025-05-14 11:46:21,991 - INFO - Pre-Off Loop checking pre-market conditions...
2025-05-14 11:47:21,997 - INFO - Pre-Off Loop checking pre-market conditions...
2025-05-14 11:48:22,003 - INFO - Pre-Off Loop checking pre-market conditions...
2025-05-14 11:49:22,010 - INFO - Pre-Off Loop checking pre-market conditions...
2025-05-14 11:50:22,017 - INFO - Pre-Off Loop checking pre-market conditions...
2025-05-14 11:51:22,024 - INFO - Pre-Off Loop checking pre-market conditions...
2025-05-14 11:52:22,032 - INFO - Pre-Off Loop checking pre-market conditions...
2025-05-14 11:53:22,040 - INFO - Pre-Off Loop checking pre-market conditions...
2025-05-14 11:54:22,047 - INFO - Pre-Off Loop checking pre-market conditions...
2025-05-14 11:55:22,054 - INFO - Pre-Off Loop checking pre-market conditions...
2025-05-14 11:56:22,061 - INFO - Pre-Off Loop checking pre-market conditions...
2025-05-14 11:57:22,068 - INFO - Pre-Off Loop checking pre-market conditions...
2025-05-14 11:58:22,075 - INFO - Pre-Off Loop checking pre-market conditions...
2025-05-14 11:59:22,081 - INFO - Pre-Off Loop checking pre-market conditions...
2025-05-14 12:00:22,087 - INFO - Pre-Off Loop checking pre-market conditions...
2025-05-14 12:01:22,096 - INFO - Pre-Off Loop checking pre-market conditions...
2025-05-14 12:02:22,100 - INFO - Pre-Off Loop checking pre-market conditions...
2025-05-14 12:03:22,107 - INFO - Pre-Off Loop checking pre-market conditions...
2025-05-14 12:04:22,113 - INFO - Pre-Off Loop checking pre-market conditions...
2025-05-14 12:05:22,121 - INFO - Pre-Off Loop checking pre-market conditions...
2025-05-14 12:06:22,130 - INFO - Pre-Off Loop checking pre-market conditions...
2025-05-14 12:07:22,138 - INFO - Pre-Off Loop checking pre-market conditions...
2025-05-14 12:08:22,134 - INFO - Pre-Off Loop checking pre-market conditions...
2025-05-14 12:09:22,144 - INFO - Pre-Off Loop checking pre-market conditions...
2025-05-14 12:10:22,155 - INFO - Pre-Off Loop checking pre-market conditions...
2025-05-14 12:11:22,160 - INFO - Pre-Off Loop checking pre-market conditions...
2025-05-14 12:12:22,171 - INFO - Pre-Off Loop checking pre-market conditions...
2025-05-14 12:13:22,182 - INFO - Pre-Off Loop checking pre-market conditions...
2025-05-14 12:14:22,189 - INFO - Pre-Off Loop checking pre-market conditions...
2025-05-14 12:15:22,193 - INFO - Pre-Off Loop checking pre-market conditions...
2025-05-14 12:16:22,201 - INFO - Pre-Off Loop checking pre-market conditions...
2025-05-14 12:17:22,212 - INFO - Pre-Off Loop checking pre-market conditions...
2025-05-14 12:18:22,224 - INFO - Pre-Off Loop checking pre-market conditions...
2025-05-14 12:19:22,232 - INFO - Pre-Off Loop checking pre-market conditions...
2025-05-14 12:20:22,243 - INFO - Pre-Off Loop checking pre-market conditions...
2025-05-14 12:21:22,256 - INFO - Pre-Off Loop checking pre-market conditions...
2025-05-14 12:22:22,267 - INFO - Pre-Off Loop checking pre-market conditions...
2025-05-14 12:23:22,279 - INFO - Pre-Off Loop checking pre-market conditions...
2025-05-14 12:24:22,291 - INFO - Pre-Off Loop checking pre-market conditions...
2025-05-14 12:25:22,304 - INFO - Pre-Off Loop checking pre-market conditions...
2025-05-14 12:26:22,317 - INFO - Pre-Off Loop checking pre-market conditions...
2025-05-14 12:27:22,330 - INFO - Pre-Off Loop checking pre-market conditions...
2025-05-14 12:28:22,337 - INFO - Pre-Off Loop checking pre-market conditions...
2025-05-14 12:29:22,350 - INFO - Pre-Off Loop checking pre-market conditions...
2025-05-14 12:30:22,361 - INFO - Pre-Off Loop checking pre-market conditions...
2025-05-14 12:31:22,373 - INFO - Pre-Off Loop checking pre-market conditions...
2025-05-14 12:32:22,381 - INFO - Pre-Off Loop checking pre-market conditions...
2025-05-14 12:33:22,388 - INFO - Pre-Off Loop checking pre-market conditions...
2025-05-14 12:34:22,391 - INFO - Pre-Off Loop checking pre-market conditions...
2025-05-14 12:35:22,401 - INFO - Pre-Off Loop checking pre-market conditions...
2025-05-14 12:36:22,406 - INFO - Pre-Off Loop checking pre-market conditions...
2025-05-14 12:37:22,415 - INFO - Pre-Off Loop checking pre-market conditions...
2025-05-14 12:38:22,422 - INFO - Pre-Off Loop checking pre-market conditions...
2025-05-14 12:39:22,467 - INFO - Pre-Off Loop checking pre-market conditions...
2025-05-14 12:40:22,475 - INFO - Pre-Off Loop checking pre-market conditions...
2025-05-14 12:41:22,483 - INFO - Pre-Off Loop checking pre-market conditions...
2025-05-14 12:42:22,492 - INFO - Pre-Off Loop checking pre-market conditions...
2025-05-14 12:43:22,488 - INFO - Pre-Off Loop checking pre-market conditions...
2025-05-14 12:44:22,528 - INFO - Pre-Off Loop checking pre-market conditions...
2025-05-14 12:45:22,576 - INFO - Pre-Off Loop checking pre-market conditions...
2025-05-14 12:46:22,583 - INFO - Pre-Off Loop checking pre-market conditions...
2025-05-14 12:47:22,590 - INFO - Pre-Off Loop checking pre-market conditions...
2025-05-14 12:48:22,596 - INFO - Pre-Off Loop checking pre-market conditions...
2025-05-14 12:49:22,649 - INFO - Pre-Off Loop checking pre-market conditions...
2025-05-14 12:50:22,666 - INFO - Pre-Off Loop checking pre-market conditions...
2025-05-14 12:51:22,675 - INFO - Pre-Off Loop checking pre-market conditions...
2025-05-14 12:52:22,682 - INFO - Pre-Off Loop checking pre-market conditions...
2025-05-14 12:53:22,689 - INFO - Pre-Off Loop checking pre-market conditions...
2025-05-14 12:54:22,698 - INFO - Pre-Off Loop checking pre-market conditions...
2025-05-14 12:55:22,707 - INFO - Pre-Off Loop checking pre-market conditions...
2025-05-14 12:56:22,714 - INFO - Pre-Off Loop checking pre-market conditions...
2025-05-14 12:57:23,001 - INFO - Pre-Off Loop checking pre-market conditions...
2025-05-14 12:58:23,010 - INFO - Pre-Off Loop checking pre-market conditions...
2025-05-14 12:59:23,017 - INFO - Pre-Off Loop checking pre-market conditions...
2025-05-14 13:00:23,025 - INFO - Pre-Off Loop checking pre-market conditions...
2025-05-14 13:01:23,028 - INFO - Pre-Off Loop checking pre-market conditions...
2025-05-14 13:02:23,035 - INFO - Pre-Off Loop checking pre-market conditions...
2025-05-14 13:03:23,045 - INFO - Pre-Off Loop checking pre-market conditions...
2025-05-14 13:04:23,049 - INFO - Pre-Off Loop checking pre-market conditions...
2025-05-14 13:05:23,053 - INFO - Pre-Off Loop checking pre-market conditions...
2025-05-14 13:06:23,058 - INFO - Pre-Off Loop checking pre-market conditions...
2025-05-14 13:07:23,064 - INFO - Pre-Off Loop checking pre-market conditions...
2025-05-14 13:08:23,069 - INFO - Pre-Off Loop checking pre-market conditions...
2025-05-14 13:09:23,076 - INFO - Pre-Off Loop checking pre-market conditions...
2025-05-14 13:10:23,084 - INFO - Pre-Off Loop checking pre-market conditions...
2025-05-14 13:11:23,090 - INFO - Pre-Off Loop checking pre-market conditions...
2025-05-14 13:12:23,098 - INFO - Pre-Off Loop checking pre-market conditions...
2025-05-14 13:13:23,101 - INFO - Pre-Off Loop checking pre-market conditions...
2025-05-14 13:14:23,108 - INFO - Pre-Off Loop checking pre-market conditions...
2025-05-14 13:15:23,116 - INFO - Pre-Off Loop checking pre-market conditions...
2025-05-14 13:16:23,124 - INFO - Pre-Off Loop checking pre-market conditions...
2025-05-14 13:17:23,432 - INFO - Pre-Off Loop checking pre-market conditions...
2025-05-14 13:18:23,479 - INFO - Pre-Off Loop checking pre-market conditions...
2025-05-14 13:19:23,495 - INFO - Pre-Off Loop checking pre-market conditions...
2025-05-14 13:20:23,787 - INFO - Pre-Off Loop checking pre-market conditions...
2025-05-14 13:21:23,794 - INFO - Pre-Off Loop checking pre-market conditions...
2025-05-14 13:22:23,924 - INFO - Pre-Off Loop checking pre-market conditions...
2025-05-14 13:23:23,964 - INFO - Pre-Off Loop checking pre-market conditions...
2025-05-14 13:24:23,973 - INFO - Pre-Off Loop checking pre-market conditions...
2025-05-14 13:25:24,020 - INFO - Pre-Off Loop checking pre-market conditions...
2025-05-14 13:26:24,026 - INFO - Pre-Off Loop checking pre-market conditions...
2025-05-14 13:27:24,035 - INFO - Pre-Off Loop checking pre-market conditions...
2025-05-14 13:28:24,043 - INFO - Pre-Off Loop checking pre-market conditions...
2025-05-14 13:29:24,051 - INFO - Pre-Off Loop checking pre-market conditions...
2025-05-14 13:30:24,056 - INFO - Pre-Off Loop checking pre-market conditions...
2025-05-14 13:31:24,064 - INFO - Pre-Off Loop checking pre-market conditions...
2025-05-14 13:32:24,072 - INFO - Pre-Off Loop checking pre-market conditions...
2025-05-14 13:33:24,076 - INFO - Pre-Off Loop checking pre-market conditions...
2025-05-14 13:34:24,098 - INFO - Pre-Off Loop checking pre-market conditions...
2025-05-14 13:35:24,106 - INFO - Pre-Off Loop checking pre-market conditions...
2025-05-14 13:36:24,110 - INFO - Pre-Off Loop checking pre-market conditions...
2025-05-14 13:37:24,117 - INFO - Pre-Off Loop checking pre-market conditions...
2025-05-14 13:38:24,163 - INFO - Pre-Off Loop checking pre-market conditions...
2025-05-14 13:39:24,200 - INFO - Pre-Off Loop checking pre-market conditions...
2025-05-14 13:40:24,249 - INFO - Pre-Off Loop checking pre-market conditions...
2025-05-14 13:41:24,252 - INFO - Pre-Off Loop checking pre-market conditions...
2025-05-14 13:42:24,258 - INFO - Pre-Off Loop checking pre-market conditions...
2025-05-14 13:43:24,264 - INFO - Pre-Off Loop checking pre-market conditions...
2025-05-14 13:44:24,269 - INFO - Pre-Off Loop checking pre-market conditions...
2025-05-14 13:45:24,275 - INFO - Pre-Off Loop checking pre-market conditions...
2025-05-14 13:46:24,281 - INFO - Pre-Off Loop checking pre-market conditions...
2025-05-14 13:47:24,289 - INFO - Pre-Off Loop checking pre-market conditions...
2025-05-14 13:48:24,295 - INFO - Pre-Off Loop checking pre-market conditions...
2025-05-14 13:49:24,587 - INFO - Pre-Off Loop checking pre-market conditions...
2025-05-14 13:50:24,629 - INFO - Pre-Off Loop checking pre-market conditions...
2025-05-14 13:51:24,637 - INFO - Pre-Off Loop checking pre-market conditions...
2025-05-14 13:52:24,645 - INFO - Pre-Off Loop checking pre-market conditions...
2025-05-14 13:53:24,654 - INFO - Pre-Off Loop checking pre-market conditions...
2025-05-14 13:54:24,663 - INFO - Pre-Off Loop checking pre-market conditions...
2025-05-14 13:55:24,667 - INFO - Pre-Off Loop checking pre-market conditions...
2025-05-14 13:56:25,013 - INFO - Pre-Off Loop checking pre-market conditions...
2025-05-14 13:57:25,019 - INFO - Pre-Off Loop checking pre-market conditions...
2025-05-14 13:58:25,040 - INFO - Pre-Off Loop checking pre-market conditions...
2025-05-14 13:59:25,119 - INFO - Pre-Off Loop checking pre-market conditions...
2025-05-14 14:00:25,155 - INFO - Pre-Off Loop checking pre-market conditions...
2025-05-14 14:01:25,160 - INFO - Pre-Off Loop checking pre-market conditions...
2025-05-14 14:02:25,169 - INFO - Pre-Off Loop checking pre-market conditions...
2025-05-14 14:03:25,173 - INFO - Pre-Off Loop checking pre-market conditions...
2025-05-14 14:04:25,181 - INFO - Pre-Off Loop checking pre-market conditions...
2025-05-14 14:05:25,189 - INFO - Pre-Off Loop checking pre-market conditions...
2025-05-14 14:06:25,487 - INFO - Pre-Off Loop checking pre-market conditions...
2025-05-14 14:07:25,532 - INFO - Pre-Off Loop checking pre-market conditions...
2025-05-14 14:08:25,544 - INFO - Pre-Off Loop checking pre-market conditions...
2025-05-14 14:09:25,553 - INFO - Pre-Off Loop checking pre-market conditions...
2025-05-14 14:10:25,559 - INFO - Pre-Off Loop checking pre-market conditions...
2025-05-14 14:11:25,562 - INFO - Pre-Off Loop checking pre-market conditions...
2025-05-14 14:12:25,569 - INFO - Pre-Off Loop checking pre-market conditions...
2025-05-14 14:13:25,574 - INFO - Pre-Off Loop checking pre-market conditions...
2025-05-14 14:14:25,583 - INFO - Pre-Off Loop checking pre-market conditions...
2025-05-14 14:15:25,591 - INFO - Pre-Off Loop checking pre-market conditions...
2025-05-14 14:16:25,598 - INFO - Pre-Off Loop checking pre-market conditions...
2025-05-14 14:17:25,619 - INFO - Pre-Off Loop checking pre-market conditions...
2025-05-14 14:18:25,641 - INFO - Pre-Off Loop checking pre-market conditions...
2025-05-14 14:19:25,678 - INFO - Pre-Off Loop checking pre-market conditions...
2025-05-14 14:20:25,685 - INFO - Pre-Off Loop checking pre-market conditions...
2025-05-14 14:21:25,695 - INFO - Pre-Off Loop checking pre-market conditions...
2025-05-14 14:22:25,704 - INFO - Pre-Off Loop checking pre-market conditions...
2025-05-14 14:23:25,711 - INFO - Pre-Off Loop checking pre-market conditions...
2025-05-14 14:24:25,756 - INFO - Pre-Off Loop checking pre-market conditions...
2025-05-14 14:25:25,766 - INFO - Pre-Off Loop checking pre-market conditions...
2025-05-14 14:26:25,774 - INFO - Pre-Off Loop checking pre-market conditions...
2025-05-14 14:27:25,782 - INFO - Pre-Off Loop checking pre-market conditions...
2025-05-14 14:28:25,789 - INFO - Pre-Off Loop checking pre-market conditions...
2025-05-14 14:29:25,808 - INFO - Pre-Off Loop checking pre-market conditions...
2025-05-14 14:30:25,825 - INFO - Pre-Off Loop checking pre-market conditions...
2025-05-14 14:31:25,833 - INFO - Pre-Off Loop checking pre-market conditions...
2025-05-14 14:32:25,836 - INFO - Pre-Off Loop checking pre-market conditions...
2025-05-14 14:33:25,845 - INFO - Pre-Off Loop checking pre-market conditions...
2025-05-14 14:34:25,853 - INFO - Pre-Off Loop checking pre-market conditions...
2025-05-14 14:35:25,861 - INFO - Pre-Off Loop checking pre-market conditions...
2025-05-14 14:36:25,872 - INFO - Pre-Off Loop checking pre-market conditions...
2025-05-14 14:37:25,883 - INFO - Pre-Off Loop checking pre-market conditions...
